// Jest Snapshot v1, https://goo.gl/fbAQLP

exports[`ContactDetailsPage matches snapshot 1`] = `
<Page
  scrollingDisabled={false}
  title="ProfileSettingsPage.title"
>
  <LayoutSingleColumn
    className={null}
    rootClassName={null}
  >
    <LayoutWrapperTopbar
      className={null}
      rootClassName={null}
    >
      <withRouter(Connect(TopbarContainerComponent))
        currentPage="ProfileSettingsPage"
      />
      <Connect(UserNavComponent)
        selectedPageName="ProfileSettingsPage"
      />
    </LayoutWrapperTopbar>
    <LayoutWrapperMain
      className={null}
      rootClassName={null}
    >
      <div>
        <div>
          <h1>
            <FormattedMessage
              id="ProfileSettingsPage.heading"
              values={Object {}}
            />
          </h1>
          <div>
            <h3>
              <FormattedMessage
                id="ProfileSettingsPage.accountTypeDescription"
                values={Object {}}
              />
            </h3>
            <h4>
              <FormattedMessage
                id="ProfileSettingsPage.memberTypeName"
                values={Object {}}
              />
            </h4>
          </div>
        </div>
      </div>
    </LayoutWrapperMain>
    <LayoutWrapperFooter
      className={null}
      rootClassName={null}
    >
      <injectIntl(Footer) />
    </LayoutWrapperFooter>
  </LayoutSingleColumn>
</Page>
`;
