// Jest Snapshot v1, https://goo.gl/fbAQLP

exports[`SectionHero matches snapshot 1`] = `
<div
  className=""
>
  <div>
    <h1>
      <span>
        SectionHero.title
      </span>
    </h1>
    <h2>
      <span>
        SectionHero.subTitle
      </span>
    </h2>
    <a
      className=""
      href="/s?address=Sverige&bounds=66.92051817%2C27.09540066%2C55.02371294%2C6.64228397"
      onClick={[Function]}
      style={Object {}}
      title={null}
    >
      <span>
        SectionHero.browseButton
      </span>
    </a>
  </div>
</div>
`;
